[2026-01-21 15:16:32] [INIT] Forzando OMP_NUM_THREADS = 12
[2026-01-21 15:16:32] [INIT] Iniciando orquestación de escaneo.
[2026-01-21 15:16:32] [CONF] m_phi: [130.0, 290.0] (N=15)
[2026-01-21 15:16:32] [CONF] lam_1: [0.0, 12.0] (N=2000)
[2026-01-21 15:16:32] [CONF] Constantes: mA=300.0, sin(b-a)=0.99, l6=0.1, l7=0.0
[2026-01-21 15:16:32] [CONF] TanBeta List: [10, 50, 100, 200, 500, 1000, 1500, 2000]
[2026-01-21 15:16:32] [RUN ] (1/8) Procesando TanBeta=10 ...
[2026-01-21 15:20:53] [DONE] TanBeta=10 completado en 260.66s. Intentos: 30000, TripleOK: 10398
[2026-01-21 15:20:53] [RUN ] (2/8) Procesando TanBeta=50 ...
[2026-01-21 15:25:21] [DONE] TanBeta=50 completado en 268.49s. Intentos: 30000, TripleOK: 10341
[2026-01-21 15:25:21] [RUN ] (3/8) Procesando TanBeta=100 ...
[2026-01-21 15:29:45] [DONE] TanBeta=100 completado en 264.22s. Intentos: 30000, TripleOK: 8148
[2026-01-21 15:29:45] [RUN ] (4/8) Procesando TanBeta=200 ...
[2026-01-21 15:34:22] [DONE] TanBeta=200 completado en 276.39s. Intentos: 30000, TripleOK: 4095
[2026-01-21 15:34:22] [RUN ] (5/8) Procesando TanBeta=500 ...
[2026-01-21 15:38:57] [DONE] TanBeta=500 completado en 275.25s. Intentos: 30000, TripleOK: 2036
[2026-01-21 15:38:57] [RUN ] (6/8) Procesando TanBeta=1000 ...
[2026-01-21 15:43:33] [DONE] TanBeta=1000 completado en 276.07s. Intentos: 30000, TripleOK: 1344
[2026-01-21 15:43:33] [RUN ] (7/8) Procesando TanBeta=1500 ...
[2026-01-21 15:48:15] [DONE] TanBeta=1500 completado en 281.86s. Intentos: 30000, TripleOK: 686
[2026-01-21 15:48:15] [RUN ] (8/8) Procesando TanBeta=2000 ...
[2026-01-21 15:52:58] [DONE] TanBeta=2000 completado en 282.81s. Intentos: 30000, TripleOK: 676
[2026-01-21 15:52:58] ------------------------------------------------------------
[2026-01-21 15:52:58] [FIN ] Orquestación finalizada.
[2026-01-21 15:52:58]        Tiempo Total Ejecución: 2185.76 s (36.43 min)
[2026-01-21 15:52:58]        Total Puntos Calculados: 240000
[2026-01-21 15:52:58]        Velocidad Promedio:      0.00911 segundos/punto
[2026-01-21 15:52:58]        Throughput:              395285 puntos/hora
[2026-01-21 15:52:58] ------------------------------------------------------------
