[2025-12-18 04:29:54] [INIT] Iniciando orquestación de escaneo.
[2025-12-18 04:29:54] [CONF] m_phi: [130.0, 290.0] (N=15)
[2025-12-18 04:29:54] [CONF] lam_1: [0.0, 12.0] (N=10000)
[2025-12-18 04:29:54] [CONF] Constantes: mA=300.0, sin(b-a)=1.0, l6=0.1, l7=0.0
[2025-12-18 04:29:54] [CONF] TanBeta List: [10, 50, 100, 200, 500, 1000, 1500, 2000, 5000]
[2025-12-18 04:29:54] [RUN ] (1/9) Procesando TanBeta=10 ...
[2025-12-18 04:38:34] [DONE] TanBeta=10 completado en 519.42s. Intentos: 150000, TripleOK: 52948
[2025-12-18 04:38:34] [RUN ] (2/9) Procesando TanBeta=50 ...
[2025-12-18 04:47:43] [DONE] TanBeta=50 completado en 549.28s. Intentos: 150000, TripleOK: 51658
[2025-12-18 04:47:43] [RUN ] (3/9) Procesando TanBeta=100 ...
[2025-12-18 04:56:48] [DONE] TanBeta=100 completado en 545.54s. Intentos: 150000, TripleOK: 51583
[2025-12-18 04:56:48] [RUN ] (4/9) Procesando TanBeta=200 ...
[2025-12-18 05:05:53] [DONE] TanBeta=200 completado en 544.95s. Intentos: 150000, TripleOK: 51556
[2025-12-18 05:05:53] [RUN ] (5/9) Procesando TanBeta=500 ...
[2025-12-18 05:14:55] [DONE] TanBeta=500 completado en 541.47s. Intentos: 150000, TripleOK: 51539
[2025-12-18 05:14:55] [RUN ] (6/9) Procesando TanBeta=1000 ...
[2025-12-18 05:23:58] [DONE] TanBeta=1000 completado en 542.79s. Intentos: 150000, TripleOK: 51543
[2025-12-18 05:23:58] [RUN ] (7/9) Procesando TanBeta=1500 ...
[2025-12-18 05:33:04] [DONE] TanBeta=1500 completado en 545.89s. Intentos: 150000, TripleOK: 51539
[2025-12-18 05:33:04] [RUN ] (8/9) Procesando TanBeta=2000 ...
[2025-12-18 05:42:05] [DONE] TanBeta=2000 completado en 541.32s. Intentos: 150000, TripleOK: 51542
[2025-12-18 05:42:05] [RUN ] (9/9) Procesando TanBeta=5000 ...
[2025-12-18 05:51:07] [DONE] TanBeta=5000 completado en 542.43s. Intentos: 150000, TripleOK: 51524
[2025-12-18 05:51:07] ------------------------------------------------------------
[2025-12-18 05:51:07] [FIN ] Orquestación finalizada.
[2025-12-18 05:51:07]        Tiempo Total Ejecución: 4873.13 s (81.22 min)
[2025-12-18 05:51:07]        Total Puntos Calculados: 1350000
[2025-12-18 05:51:07]        Velocidad Promedio:      0.00361 segundos/punto
[2025-12-18 05:51:07]        Throughput:              997305 puntos/hora
[2025-12-18 05:51:07] ------------------------------------------------------------
[2025-12-18 12:47:23] [INIT] Iniciando orquestación de escaneo.
[2025-12-18 12:47:23] [CONF] m_phi: [130.0, 290.0] (N=15)
[2025-12-18 12:47:23] [CONF] lam_1: [0.0, 12.0] (N=10000)
[2025-12-18 12:47:23] [CONF] Constantes: mA=300.0, sin(b-a)=1.0, l6=0.1, l7=0.0
[2025-12-18 12:47:23] [CONF] TanBeta List: [8000, 9000, 10000, 15000, 20000, 25000, 30000]
[2025-12-18 12:47:23] [RUN ] (1/7) Procesando TanBeta=8000 ...
[2025-12-18 12:56:27] [DONE] TanBeta=8000 completado en 544.00s. Intentos: 150000, TripleOK: 51542
[2025-12-18 12:56:27] [RUN ] (2/7) Procesando TanBeta=9000 ...
[2025-12-18 13:06:06] [DONE] TanBeta=9000 completado en 579.77s. Intentos: 150000, TripleOK: 51524
[2025-12-18 13:06:06] [RUN ] (3/7) Procesando TanBeta=10000 ...
[2025-12-18 13:16:13] [DONE] TanBeta=10000 completado en 607.00s. Intentos: 150000, TripleOK: 51527
[2025-12-18 13:16:13] [RUN ] (4/7) Procesando TanBeta=15000 ...
[2025-12-18 13:26:05] [DONE] TanBeta=15000 completado en 591.69s. Intentos: 150000, TripleOK: 51537
[2025-12-18 13:26:05] [RUN ] (5/7) Procesando TanBeta=20000 ...
[2025-12-18 13:36:11] [DONE] TanBeta=20000 completado en 605.77s. Intentos: 150000, TripleOK: 51521
[2025-12-18 13:36:11] [RUN ] (6/7) Procesando TanBeta=25000 ...
[2025-12-18 13:45:59] [DONE] TanBeta=25000 completado en 587.98s. Intentos: 150000, TripleOK: 51529
[2025-12-18 13:45:59] [RUN ] (7/7) Procesando TanBeta=30000 ...
[2025-12-18 13:55:44] [DONE] TanBeta=30000 completado en 585.00s. Intentos: 150000, TripleOK: 48163
[2025-12-18 13:55:44] ------------------------------------------------------------
[2025-12-18 13:55:44] [FIN ] Orquestación finalizada.
[2025-12-18 13:55:44]        Tiempo Total Ejecución: 4101.23 s (68.35 min)
[2025-12-18 13:55:44]        Total Puntos Calculados: 1050000
[2025-12-18 13:55:44]        Velocidad Promedio:      0.00391 segundos/punto
[2025-12-18 13:55:44]        Throughput:              921673 puntos/hora
[2025-12-18 13:55:44] ------------------------------------------------------------
[2025-12-18 14:00:21] [INIT] Iniciando orquestación de escaneo.
[2025-12-18 14:00:21] [CONF] m_phi: [130.0, 290.0] (N=15)
[2025-12-18 14:00:21] [CONF] lam_1: [0.0, 12.0] (N=10000)
[2025-12-18 14:00:21] [CONF] Constantes: mA=300.0, sin(b-a)=1.0, l6=0.1, l7=0.0
[2025-12-18 14:00:21] [CONF] TanBeta List: [50000, 70000, 100000]
[2025-12-18 14:00:21] [RUN ] (1/3) Procesando TanBeta=50000 ...
[2025-12-18 14:10:18] [DONE] TanBeta=50000 completado en 597.32s. Intentos: 150000, TripleOK: 0
[2025-12-18 14:10:18] [RUN ] (2/3) Procesando TanBeta=70000 ...
[2025-12-18 14:20:45] [DONE] TanBeta=70000 completado en 627.17s. Intentos: 150000, TripleOK: 0
[2025-12-18 14:20:45] [RUN ] (3/3) Procesando TanBeta=100000 ...
[2025-12-18 14:31:53] [DONE] TanBeta=100000 completado en 667.77s. Intentos: 150000, TripleOK: 0
[2025-12-18 14:31:53] ------------------------------------------------------------
[2025-12-18 14:31:53] [FIN ] Orquestación finalizada.
[2025-12-18 14:31:53]        Tiempo Total Ejecución: 1892.28 s (31.54 min)
[2025-12-18 14:31:53]        Total Puntos Calculados: 450000
[2025-12-18 14:31:53]        Velocidad Promedio:      0.00421 segundos/punto
[2025-12-18 14:31:53]        Throughput:              856112 puntos/hora
[2025-12-18 14:31:53] ------------------------------------------------------------
[2025-12-19 19:11:40] [INIT] Iniciando orquestación de escaneo.
[2025-12-19 19:11:40] [CONF] m_phi: [130.0, 290.0] (N=15)
[2025-12-19 19:11:40] [CONF] lam_1: [0.0, 12.0] (N=50000)
[2025-12-19 19:11:40] [CONF] Constantes: mA=300.0, sin(b-a)=1.0, l6=0.1, l7=0.0
[2025-12-19 19:11:40] [CONF] TanBeta List: [0.1, 1, 30, 200000, 500000, 1000000]
[2025-12-19 19:11:40] [RUN ] (1/6) Procesando TanBeta=0.1 ...
[2025-12-19 19:11:41] [DONE] TanBeta=0.1 completado en 0.62s. Intentos: 750000, TripleOK: 0
[2025-12-19 19:11:41] [RUN ] (2/6) Procesando TanBeta=1 ...
[2025-12-19 19:57:18] [DONE] TanBeta=1 completado en 2737.35s. Intentos: 750000, TripleOK: 337978
[2025-12-19 19:57:18] [RUN ] (3/6) Procesando TanBeta=30 ...
[2025-12-19 20:49:28] [DONE] TanBeta=30 completado en 3129.98s. Intentos: 750000, TripleOK: 258920
[2025-12-19 20:49:28] [RUN ] (4/6) Procesando TanBeta=200000 ...
[2025-12-19 21:39:10] [DONE] TanBeta=200000 completado en 2981.90s. Intentos: 750000, TripleOK: 0
[2025-12-19 21:39:10] [RUN ] (5/6) Procesando TanBeta=500000 ...
[2025-12-24 17:22:25] [INIT] Iniciando orquestación de escaneo.
[2025-12-24 17:22:25] [CONF] m_phi: [130.0, 290.0] (N=15)
[2025-12-24 17:22:25] [CONF] lam_1: [0.0, 12.0] (N=500000)
[2025-12-24 17:22:25] [CONF] Constantes: mA=300.0, sin(b-a)=1.0, l6=0.1, l7=0.0
[2025-12-24 17:22:25] [CONF] TanBeta List: [35000, 80000, 150000]
[2025-12-24 17:22:25] [RUN ] (1/3) Procesando TanBeta=35000 ...
